// Jest Snapshot v1, https://goo.gl/fbAQLP

exports[`TopBar should render correctly 1`] = `ReactWrapper {}`;
