// Jest Snapshot v1, https://goo.gl/fbAQLP

exports[`PieChart should render correctly 1`] = `ReactWrapper {}`;
